// Jest Snapshot v1, https://goo.gl/fbAQLP

exports[`rendering children as function 1`] = `
"/* @jsxRuntime classic */
/* @jsx mdx */
import { Playground } from 'docz'


const layoutProps = {
  
};
const MDXLayout = "wrapper"
export default function MDXContent({
  components,
  ...props
}) {
  return <MDXLayout {...layoutProps} {...props} components={components} mdxType="MDXLayout">

    <Playground mdxType="Playground">
  {() => {
        const foo = 'foo';
        return <div>{foo}</div>;
      }}
    </Playground>
    </MDXLayout>;
}
;
MDXContent.isMDXComponent = true;"
`;
